  Determining projects to restore...
  All projects are up-to-date for restore.
  DiagnosticExplorer -> D:\_Repos\diagnosticexplorer\DiagnosticExplorer\bin\Debug\netstandard2.0\DiagnosticExplorer.dll
D:\_Repos\diagnosticexplorer\function-app\Domain\WebProcSub.cs(5,19): warning CS8618: Non-nullable property 'WebConnectionId' must contain a non-null value when exiting constructor. Consider adding the 'required' modifier or declaring the property as nullable. [D:\_Repos\diagnosticexplorer\function-app\function-app.csproj]
D:\_Repos\diagnosticexplorer\function-app\Domain\WebProcSub.cs(6,19): warning CS8618: Non-nullable property 'SiteId' must contain a non-null value when exiting constructor. Consider adding the 'required' modifier or declaring the property as nullable. [D:\_Repos\diagnosticexplorer\function-app\function-app.csproj]
D:\_Repos\diagnosticexplorer\function-app\Domain\WebProcSub.cs(7,19): warning CS8618: Non-nullable property 'ProcessId' must contain a non-null value when exiting constructor. Consider adding the 'required' modifier or declaring the property as nullable. [D:\_Repos\diagnosticexplorer\function-app\function-app.csproj]
D:\_Repos\diagnosticexplorer\function-app\Domain\DiagValues.cs(11,19): warning CS8618: Non-nullable property 'Id' must contain a non-null value when exiting constructor. Consider adding the 'required' modifier or declaring the property as nullable. [D:\_Repos\diagnosticexplorer\function-app\function-app.csproj]
D:\_Repos\diagnosticexplorer\function-app\Domain\DiagValues.cs(12,19): warning CS8618: Non-nullable property 'SiteId' must contain a non-null value when exiting constructor. Consider adding the 'required' modifier or declaring the property as nullable. [D:\_Repos\diagnosticexplorer\function-app\function-app.csproj]
D:\_Repos\diagnosticexplorer\function-app\Domain\DiagValues.cs(14,19): warning CS8618: Non-nullable property 'Response' must contain a non-null value when exiting constructor. Consider adding the 'required' modifier or declaring the property as nullable. [D:\_Repos\diagnosticexplorer\function-app\function-app.csproj]
D:\_Repos\diagnosticexplorer\function-app\Domain\LoginRequest.cs(11,19): warning CS8618: Non-nullable property 'ClientId' must contain a non-null value when exiting constructor. Consider adding the 'required' modifier or declaring the property as nullable. [D:\_Repos\diagnosticexplorer\function-app\function-app.csproj]
D:\_Repos\diagnosticexplorer\function-app\Domain\LoginRequest.cs(12,19): warning CS8618: Non-nullable property 'Secret' must contain a non-null value when exiting constructor. Consider adding the 'required' modifier or declaring the property as nullable. [D:\_Repos\diagnosticexplorer\function-app\function-app.csproj]
D:\_Repos\diagnosticexplorer\function-app\Domain\ProcessClaim.cs(5,19): warning CS8618: Non-nullable property 'ProcessId' must contain a non-null value when exiting constructor. Consider adding the 'required' modifier or declaring the property as nullable. [D:\_Repos\diagnosticexplorer\function-app\function-app.csproj]
D:\_Repos\diagnosticexplorer\function-app\Domain\ProcessClaim.cs(6,19): warning CS8618: Non-nullable property 'SiteId' must contain a non-null value when exiting constructor. Consider adding the 'required' modifier or declaring the property as nullable. [D:\_Repos\diagnosticexplorer\function-app\function-app.csproj]
D:\_Repos\diagnosticexplorer\function-app\Domain\SetPropertyRequest.cs(5,19): warning CS8618: Non-nullable property 'ProcessId' must contain a non-null value when exiting constructor. Consider adding the 'required' modifier or declaring the property as nullable. [D:\_Repos\diagnosticexplorer\function-app\function-app.csproj]
D:\_Repos\diagnosticexplorer\function-app\Domain\SetPropertyRequest.cs(7,19): warning CS8618: Non-nullable property 'SiteId' must contain a non-null value when exiting constructor. Consider adding the 'required' modifier or declaring the property as nullable. [D:\_Repos\diagnosticexplorer\function-app\function-app.csproj]
D:\_Repos\diagnosticexplorer\function-app\Domain\SetPropertyRequest.cs(9,19): warning CS8618: Non-nullable property 'Path' must contain a non-null value when exiting constructor. Consider adding the 'required' modifier or declaring the property as nullable. [D:\_Repos\diagnosticexplorer\function-app\function-app.csproj]
D:\_Repos\diagnosticexplorer\function-app\Domain\DiagProcess.cs(11,19): warning CS8618: Non-nullable property 'Id' must contain a non-null value when exiting constructor. Consider adding the 'required' modifier or declaring the property as nullable. [D:\_Repos\diagnosticexplorer\function-app\function-app.csproj]
D:\_Repos\diagnosticexplorer\function-app\Domain\WebClient.cs(5,19): warning CS8618: Non-nullable property 'Id' must contain a non-null value when exiting constructor. Consider adding the 'required' modifier or declaring the property as nullable. [D:\_Repos\diagnosticexplorer\function-app\function-app.csproj]
D:\_Repos\diagnosticexplorer\function-app\Domain\WebClient.cs(6,19): warning CS8618: Non-nullable property 'AccountId' must contain a non-null value when exiting constructor. Consider adding the 'required' modifier or declaring the property as nullable. [D:\_Repos\diagnosticexplorer\function-app\function-app.csproj]
D:\_Repos\diagnosticexplorer\function-app\Triggers\ProcessHubTrigger.cs(73,19): warning CS8601: Possible null reference assignment. [D:\_Repos\diagnosticexplorer\function-app\function-app.csproj]
D:\_Repos\diagnosticexplorer\function-app\Triggers\ProcessHubTrigger.cs(74,27): warning CS8601: Possible null reference assignment. [D:\_Repos\diagnosticexplorer\function-app\function-app.csproj]
D:\_Repos\diagnosticexplorer\function-app\Triggers\ProcessHubTrigger.cs(145,9): warning CS0162: Unreachable code detected [D:\_Repos\diagnosticexplorer\function-app\function-app.csproj]
D:\_Repos\diagnosticexplorer\function-app\Triggers\ProcessHubTrigger.cs(285,27): warning CA2017: Number of parameters supplied in the logging message template do not match the number of named placeholders (https://learn.microsoft.com/dotnet/fundamentals/code-analysis/quality-rules/ca2017) [D:\_Repos\diagnosticexplorer\function-app\function-app.csproj]
  Determining projects to restore...
  All projects are up-to-date for restore.
  WorkerExtensions -> D:\_Repos\diagnosticexplorer\function-app\obj\Debug\net8.0\WorkerExtensions\bin\Release\net8.0\Microsoft.Azure.Functions.Worker.Extensions.dll
  function-app -> D:\_Repos\diagnosticexplorer\function-app\bin\Debug\net8.0\DiagnosticExplorer.Api.dll

Build succeeded.

D:\_Repos\diagnosticexplorer\function-app\Domain\WebProcSub.cs(5,19): warning CS8618: Non-nullable property 'WebConnectionId' must contain a non-null value when exiting constructor. Consider adding the 'required' modifier or declaring the property as nullable. [D:\_Repos\diagnosticexplorer\function-app\function-app.csproj]
D:\_Repos\diagnosticexplorer\function-app\Domain\WebProcSub.cs(6,19): warning CS8618: Non-nullable property 'SiteId' must contain a non-null value when exiting constructor. Consider adding the 'required' modifier or declaring the property as nullable. [D:\_Repos\diagnosticexplorer\function-app\function-app.csproj]
D:\_Repos\diagnosticexplorer\function-app\Domain\WebProcSub.cs(7,19): warning CS8618: Non-nullable property 'ProcessId' must contain a non-null value when exiting constructor. Consider adding the 'required' modifier or declaring the property as nullable. [D:\_Repos\diagnosticexplorer\function-app\function-app.csproj]
D:\_Repos\diagnosticexplorer\function-app\Domain\DiagValues.cs(11,19): warning CS8618: Non-nullable property 'Id' must contain a non-null value when exiting constructor. Consider adding the 'required' modifier or declaring the property as nullable. [D:\_Repos\diagnosticexplorer\function-app\function-app.csproj]
D:\_Repos\diagnosticexplorer\function-app\Domain\DiagValues.cs(12,19): warning CS8618: Non-nullable property 'SiteId' must contain a non-null value when exiting constructor. Consider adding the 'required' modifier or declaring the property as nullable. [D:\_Repos\diagnosticexplorer\function-app\function-app.csproj]
D:\_Repos\diagnosticexplorer\function-app\Domain\DiagValues.cs(14,19): warning CS8618: Non-nullable property 'Response' must contain a non-null value when exiting constructor. Consider adding the 'required' modifier or declaring the property as nullable. [D:\_Repos\diagnosticexplorer\function-app\function-app.csproj]
D:\_Repos\diagnosticexplorer\function-app\Domain\LoginRequest.cs(11,19): warning CS8618: Non-nullable property 'ClientId' must contain a non-null value when exiting constructor. Consider adding the 'required' modifier or declaring the property as nullable. [D:\_Repos\diagnosticexplorer\function-app\function-app.csproj]
D:\_Repos\diagnosticexplorer\function-app\Domain\LoginRequest.cs(12,19): warning CS8618: Non-nullable property 'Secret' must contain a non-null value when exiting constructor. Consider adding the 'required' modifier or declaring the property as nullable. [D:\_Repos\diagnosticexplorer\function-app\function-app.csproj]
D:\_Repos\diagnosticexplorer\function-app\Domain\ProcessClaim.cs(5,19): warning CS8618: Non-nullable property 'ProcessId' must contain a non-null value when exiting constructor. Consider adding the 'required' modifier or declaring the property as nullable. [D:\_Repos\diagnosticexplorer\function-app\function-app.csproj]
D:\_Repos\diagnosticexplorer\function-app\Domain\ProcessClaim.cs(6,19): warning CS8618: Non-nullable property 'SiteId' must contain a non-null value when exiting constructor. Consider adding the 'required' modifier or declaring the property as nullable. [D:\_Repos\diagnosticexplorer\function-app\function-app.csproj]
D:\_Repos\diagnosticexplorer\function-app\Domain\SetPropertyRequest.cs(5,19): warning CS8618: Non-nullable property 'ProcessId' must contain a non-null value when exiting constructor. Consider adding the 'required' modifier or declaring the property as nullable. [D:\_Repos\diagnosticexplorer\function-app\function-app.csproj]
D:\_Repos\diagnosticexplorer\function-app\Domain\SetPropertyRequest.cs(7,19): warning CS8618: Non-nullable property 'SiteId' must contain a non-null value when exiting constructor. Consider adding the 'required' modifier or declaring the property as nullable. [D:\_Repos\diagnosticexplorer\function-app\function-app.csproj]
D:\_Repos\diagnosticexplorer\function-app\Domain\SetPropertyRequest.cs(9,19): warning CS8618: Non-nullable property 'Path' must contain a non-null value when exiting constructor. Consider adding the 'required' modifier or declaring the property as nullable. [D:\_Repos\diagnosticexplorer\function-app\function-app.csproj]
D:\_Repos\diagnosticexplorer\function-app\Domain\DiagProcess.cs(11,19): warning CS8618: Non-nullable property 'Id' must contain a non-null value when exiting constructor. Consider adding the 'required' modifier or declaring the property as nullable. [D:\_Repos\diagnosticexplorer\function-app\function-app.csproj]
D:\_Repos\diagnosticexplorer\function-app\Domain\WebClient.cs(5,19): warning CS8618: Non-nullable property 'Id' must contain a non-null value when exiting constructor. Consider adding the 'required' modifier or declaring the property as nullable. [D:\_Repos\diagnosticexplorer\function-app\function-app.csproj]
D:\_Repos\diagnosticexplorer\function-app\Domain\WebClient.cs(6,19): warning CS8618: Non-nullable property 'AccountId' must contain a non-null value when exiting constructor. Consider adding the 'required' modifier or declaring the property as nullable. [D:\_Repos\diagnosticexplorer\function-app\function-app.csproj]
D:\_Repos\diagnosticexplorer\function-app\Triggers\ProcessHubTrigger.cs(73,19): warning CS8601: Possible null reference assignment. [D:\_Repos\diagnosticexplorer\function-app\function-app.csproj]
D:\_Repos\diagnosticexplorer\function-app\Triggers\ProcessHubTrigger.cs(74,27): warning CS8601: Possible null reference assignment. [D:\_Repos\diagnosticexplorer\function-app\function-app.csproj]
D:\_Repos\diagnosticexplorer\function-app\Triggers\ProcessHubTrigger.cs(145,9): warning CS0162: Unreachable code detected [D:\_Repos\diagnosticexplorer\function-app\function-app.csproj]
D:\_Repos\diagnosticexplorer\function-app\Triggers\ProcessHubTrigger.cs(285,27): warning CA2017: Number of parameters supplied in the logging message template do not match the number of named placeholders (https://learn.microsoft.com/dotnet/fundamentals/code-analysis/quality-rules/ca2017) [D:\_Repos\diagnosticexplorer\function-app\function-app.csproj]
    20 Warning(s)
    0 Error(s)

Time Elapsed 00:00:02.62
